[debug] [2025-09-26T15:49:17.069Z] ----------------------------------------------------------------------
[debug] [2025-09-26T15:49:17.071Z] Command:       C:\Program Files\nodejs\node.exe C:\Users\joshm\AppData\Roaming\npm\node_modules\firebase-tools\lib\bin\firebase.js init
[debug] [2025-09-26T15:49:17.072Z] CLI Version:   14.17.0
[debug] [2025-09-26T15:49:17.072Z] Platform:      win32
[debug] [2025-09-26T15:49:17.072Z] Node Version:  v22.17.1
[debug] [2025-09-26T15:49:17.072Z] Time:          Fri Sep 26 2025 16:49:17 GMT+0100 (British Summer Time)
[debug] [2025-09-26T15:49:17.072Z] ----------------------------------------------------------------------
[debug] 
[debug] [2025-09-26T15:49:17.077Z] > command requires scopes: ["email","openid","https://www.googleapis.com/auth/cloudplatformprojects.readonly","https://www.googleapis.com/auth/firebase","https://www.googleapis.com/auth/cloud-platform"]
[debug] [2025-09-26T15:49:17.078Z] > authorizing via signed-in user (joshmarsden28@gmail.com)
[info] 
     ######## #### ########  ######## ########     ###     ######  ########
     ##        ##  ##     ## ##       ##     ##  ##   ##  ##       ##
     ######    ##  ########  ######   ########  #########  ######  ######
     ##        ##  ##    ##  ##       ##     ## ##     ##       ## ##
     ##       #### ##     ## ######## ########  ##     ##  ######  ########

You're about to initialize a Firebase project in this directory:

  C:\Users\joshm\Desktop\fotonix.co.uk\fotonix.co.uk\functions

[info] 
=== Project Setup
[info] 
[info] First, let's associate this project directory with a Firebase project.
[info] You can create multiple project aliases by running firebase use --add, 
[info] but for now we'll just set up a default project.
[info] 
[debug] [2025-09-26T15:53:22.955Z] Checked if tokens are valid: true, expires at: 1758905106387
[debug] [2025-09-26T15:53:22.955Z] Checked if tokens are valid: true, expires at: 1758905106387
[debug] [2025-09-26T15:53:22.956Z] >>> [apiv2][query] GET https://firebase.googleapis.com/v1beta1/projects pageSize=100
[debug] [2025-09-26T15:53:23.440Z] <<< [apiv2][status] GET https://firebase.googleapis.com/v1beta1/projects 200
[debug] [2025-09-26T15:53:23.440Z] <<< [apiv2][body] GET https://firebase.googleapis.com/v1beta1/projects [omitted]
[info] i  Using project fotonix-97544 (Fotonix) 
[info] 
=== Functions Setup
[debug] [2025-09-26T15:53:28.917Z] > command requires scopes: ["email","openid","https://www.googleapis.com/auth/cloudplatformprojects.readonly","https://www.googleapis.com/auth/firebase","https://www.googleapis.com/auth/cloud-platform"]
[debug] [2025-09-26T15:53:28.917Z] > authorizing via signed-in user (joshmarsden28@gmail.com)
[debug] [2025-09-26T15:53:28.917Z] [iam] checking project fotonix-97544 for permissions ["firebase.projects.get"]
[debug] [2025-09-26T15:53:28.917Z] Checked if tokens are valid: true, expires at: 1758905106387
[debug] [2025-09-26T15:53:28.917Z] Checked if tokens are valid: true, expires at: 1758905106387
[debug] [2025-09-26T15:53:28.917Z] >>> [apiv2][query] POST https://cloudresourcemanager.googleapis.com/v1/projects/fotonix-97544:testIamPermissions [none]
[debug] [2025-09-26T15:53:28.917Z] >>> [apiv2][(partial)header] POST https://cloudresourcemanager.googleapis.com/v1/projects/fotonix-97544:testIamPermissions x-goog-quota-user=projects/fotonix-97544
[debug] [2025-09-26T15:53:28.917Z] >>> [apiv2][body] POST https://cloudresourcemanager.googleapis.com/v1/projects/fotonix-97544:testIamPermissions {"permissions":["firebase.projects.get"]}
[debug] [2025-09-26T15:53:29.542Z] <<< [apiv2][status] POST https://cloudresourcemanager.googleapis.com/v1/projects/fotonix-97544:testIamPermissions 200
[debug] [2025-09-26T15:53:29.542Z] <<< [apiv2][body] POST https://cloudresourcemanager.googleapis.com/v1/projects/fotonix-97544:testIamPermissions {"permissions":["firebase.projects.get"]}
[debug] [2025-09-26T15:53:29.543Z] Checked if tokens are valid: true, expires at: 1758905106387
[debug] [2025-09-26T15:53:29.543Z] Checked if tokens are valid: true, expires at: 1758905106387
[debug] [2025-09-26T15:53:29.543Z] Checked if tokens are valid: true, expires at: 1758905106387
[debug] [2025-09-26T15:53:29.543Z] Checked if tokens are valid: true, expires at: 1758905106387
[debug] [2025-09-26T15:53:29.543Z] >>> [apiv2][query] GET https://serviceusage.googleapis.com/v1/projects/fotonix-97544/services/cloudfunctions.googleapis.com [none]
[debug] [2025-09-26T15:53:29.543Z] >>> [apiv2][(partial)header] GET https://serviceusage.googleapis.com/v1/projects/fotonix-97544/services/cloudfunctions.googleapis.com x-goog-quota-user=projects/fotonix-97544
[debug] [2025-09-26T15:53:29.544Z] >>> [apiv2][query] GET https://serviceusage.googleapis.com/v1/projects/fotonix-97544/services/runtimeconfig.googleapis.com [none]
[debug] [2025-09-26T15:53:29.544Z] >>> [apiv2][(partial)header] GET https://serviceusage.googleapis.com/v1/projects/fotonix-97544/services/runtimeconfig.googleapis.com x-goog-quota-user=projects/fotonix-97544
[debug] [2025-09-26T15:53:30.345Z] <<< [apiv2][status] GET https://serviceusage.googleapis.com/v1/projects/fotonix-97544/services/cloudfunctions.googleapis.com 200
[debug] [2025-09-26T15:53:30.345Z] <<< [apiv2][body] GET https://serviceusage.googleapis.com/v1/projects/fotonix-97544/services/cloudfunctions.googleapis.com [omitted]
[debug] [2025-09-26T15:53:30.345Z] Checked if tokens are valid: true, expires at: 1758905106387
[debug] [2025-09-26T15:53:30.345Z] Checked if tokens are valid: true, expires at: 1758905106387
[debug] [2025-09-26T15:53:30.345Z] >>> [apiv2][query] POST https://serviceusage.googleapis.com/v1/projects/fotonix-97544/services/cloudfunctions.googleapis.com:enable [none]
[debug] [2025-09-26T15:53:30.345Z] >>> [apiv2][(partial)header] POST https://serviceusage.googleapis.com/v1/projects/fotonix-97544/services/cloudfunctions.googleapis.com:enable x-goog-quota-user=projects/fotonix-97544
[debug] [2025-09-26T15:53:30.400Z] <<< [apiv2][status] GET https://serviceusage.googleapis.com/v1/projects/fotonix-97544/services/runtimeconfig.googleapis.com 200
[debug] [2025-09-26T15:53:30.400Z] <<< [apiv2][body] GET https://serviceusage.googleapis.com/v1/projects/fotonix-97544/services/runtimeconfig.googleapis.com [omitted]
[debug] [2025-09-26T15:53:31.415Z] <<< [apiv2][status] POST https://serviceusage.googleapis.com/v1/projects/fotonix-97544/services/cloudfunctions.googleapis.com:enable 200
[debug] [2025-09-26T15:53:31.415Z] <<< [apiv2][body] POST https://serviceusage.googleapis.com/v1/projects/fotonix-97544/services/cloudfunctions.googleapis.com:enable [omitted]
[info] Let's create a new codebase for your functions.
[info] A directory corresponding to the codebase will be created in your project
[info] with sample code pre-configured.

[info] See https://firebase.google.com/docs/functions/organize-functions for
[info] more information on organizing your functions using codebases.

[info] Functions can be deployed with firebase deploy.

